# serializer version: 1
# name: test_r5_subtile_kern_tlu1_gfx950_golden
  list([
    dict({
      'basename': 'Cijk_Ailk_Bljk_BBS_BH_UserArgs_MT128x128x64_MI16la_tZLfhaJXGkQkioGlYgDs2KI1es_NmmUqkmgjuBYw=',
      'err': 0,
    }),
    dict({
      'basename': 'Cijk_Ailk_Bljk_BBS_BH_UserArgs_MT128x64x64_MI16x5A9pl_Q7Uuo-fZeyyoDxja6JmVotW01A7wEiB2BGlVo=',
      'err': 0,
    }),
    dict({
      'basename': 'Cijk_Ailk_Bljk_BBS_BH_UserArgs_MT64x64x64_MI16x1CeBgd6YxK37Lbzy81ipp0TYUkQ1KKwuoqzuMGb9haRs=',
      'err': 0,
    }),
  ])
# ---
